# Learning Journey - Exercise 1.6
## My Database Discovery Adventure

**Name:** Sourav Das  
**Exercise:** 1.6 - Databases in Python with MySQL  
**Date:** October 19, 2025

---

## 🌟 Introduction

If Exercise 1.5 was about organizing code with objects, Exercise 1.6 was about organizing *data* with databases. This marked my transition from amateur file handling to professional database management—a skill that separates hobbyist programmers from professional developers.

Looking back at Exercise 1.4, where I stored recipes in pickle files, and comparing it to now, where I manage them in a robust MySQL database, the difference is night and day. It's like moving from a handwritten notebook to a sophisticated filing system with instant search, backup, and multi-user access.

---

## 📖 The Journey Begins: First Encounters with Databases

### The "Why" Question

**Initial Thought:** *"Files worked fine in Exercise 1.4. Why do I need databases?"*

I had successfully stored recipes in `recipes.bin` using pickle. It worked! So why learn something new?

Then I imagined scaling up:
- What if I had 10,000 recipes instead of 6?
- What if 10 people tried to add recipes simultaneously?
- What if I wanted to find all recipes with "tomatoes" in under a second?
- What if the program crashed while saving—would all data be lost?

**Answer:** Files don't scale. Databases do.

---

### First MySQL Installation

**The Setup Process:**

Installing MySQL felt intimidating at first. A database *server*? Root users? Privileges? Configuration?

```
Step 1: Download MySQL installer → 300MB download! 
Step 2: Installation wizard → So many options!
Step 3: Root password setup → "password" (keeping it simple for learning)
Step 4: Server configuration → Default settings seemed mysterious
Step 5: MySQL Command Line Client → Black screen with mysql> prompt
```

**First Successful Command:**
```sql
mysql> SHOW DATABASES;
+--------------------+
| Database           |
+--------------------+
| information_schema |
| mysql              |
| performance_schema |
| sys                |
+--------------------+
```

**Reaction:** "I did it! I'm connected to a real database server!" 🎉

---

## 🎓 Learning Phases

### Phase 1: Understanding the MySQL Ecosystem

**Challenge:** Wrapping my head around client-server architecture

**Conceptual Breakthrough:**

```
Before: I thought MySQL was just a program
After: I realized MySQL is a SERVER that manages databases

My Computer
  ├── MySQL Server (running in background)
  │     ├── Database 1
  │     ├── Database 2
  │     └── Database 3
  │
  ├── MySQL Command Line Client (connects to server)
  ├── Python script (connects to server)
  └── MySQL Workbench (connects to server)
```

**Aha Moment:** "Oh! The server is always running, and clients connect to it. Like a file server, but for databases!"

---

### Phase 2: Creating My First User

**Task:** Create user 'cf-python' with password 'password'

**First Attempt (Failed):**
```sql
mysql> CREATE USER cf-python IDENTIFIED BY password;
ERROR 1064: You have an error in your SQL syntax
```

**Problem:** Forgot quotes around strings!

**Second Attempt (Success):**
```sql
mysql> CREATE USER 'cf-python'@'localhost' IDENTIFIED BY 'password';
Query OK, 0 rows affected

mysql> GRANT ALL PRIVILEGES ON *.* TO 'cf-python'@'localhost';
Query OK, 0 rows affected

mysql> FLUSH PRIVILEGES;
Query OK, 0 rows affected
```

**Feeling:** Like I just created a new citizen in database land with full rights! 👤

---

### Phase 3: Connecting Python to MySQL

**The Bridge Between Two Worlds:**

Installing mysql-connector-python:
```bash
pip install mysql-connector-python
```

**First Connection Attempt:**
```python
import mysql.connector

conn = mysql.connector.connect(
    host='localhost',
    user='cf-python',
    passwd='password'
)

print("Connected!")
```

**When it worked:** Pure magic! Python talking to MySQL! 🔮

**Visual Understanding:**
```
Python Script          MySQL Server
    |                      |
    |---- "Hey MySQL!" --->|
    |<-- "Hello Python!" --|
    |                      |
    |--- "Create DB" ----->|
    |<--- "Done!" ---------|
```

---

### Phase 4: Creating My First Database and Table

**The Moment of Truth:**

```python
cursor = conn.cursor()
cursor.execute("CREATE DATABASE IF NOT EXISTS task_database")
cursor.execute("USE task_database")
```

**First Table Design:**
```python
cursor.execute("""CREATE TABLE IF NOT EXISTS Recipes (
    id INT AUTO_INCREMENT PRIMARY KEY,
    name VARCHAR(50),
    ingredients VARCHAR(255),
    cooking_time INT,
    difficulty VARCHAR(20)
)""")
```

**Thought Process:**
- `id`: Auto-incrementing? Brilliant! No manual tracking needed!
- `VARCHAR(50)`: Limited to 50 characters—makes sense for recipe names
- `AUTO_INCREMENT`: Database does the counting for me!
- `PRIMARY KEY`: Each recipe has a unique identifier!

**Initial Confusion:**
```python
# Why does this work?
cursor.execute("CREATE TABLE ...")

# But this doesn't actually create the table until...
conn.commit()  # ...I commit!
```

**Realization:** Like a draft vs. final submission. `commit()` makes it permanent!

---

### Phase 5: The Ingredients Dilemma

**Problem:** How do I store a list of ingredients?

**My Journey:**

**Option 1 (Wanted):**
```python
ingredients = ['Milk', 'Sugar', 'Chocolate']
cursor.execute("INSERT INTO Recipes (ingredients) VALUES (%s)", (ingredients,))
# Would be nice, but MySQL doesn't support arrays well!
```

**Option 2 (Reality):**
```python
ingredients = ['Milk', 'Sugar', 'Chocolate']
ingredients_str = ", ".join(ingredients)  # Convert to string
# ingredients_str = "Milk, Sugar, Chocolate"
cursor.execute("INSERT INTO Recipes (ingredients) VALUES (%s)", (ingredients_str,))
```

**Converting Back:**
```python
cursor.execute("SELECT ingredients FROM Recipes WHERE id = 1")
result = cursor.fetchone()[0]  # "Milk, Sugar, Chocolate"
ingredients_list = [ing.strip() for ing in result.split(',')]
# Back to ['Milk', 'Sugar', 'Chocolate']
```

**Lesson Learned:** Sometimes you need workarounds. Databases have limitations!

---

### Phase 6: My First INSERT

**The Excitement:**

```python
def create_recipe(conn, cursor):
    name = input("Enter recipe name: ")
    cooking_time = int(input("Enter cooking time: "))
    # ... collect ingredients ...
    
    sql = "INSERT INTO Recipes (name, ingredients, cooking_time, difficulty) VALUES (%s, %s, %s, %s)"
    val = ("Tea", "Tea Leaves, Sugar, Water", 5, "Easy")
    
    cursor.execute(sql, val)
    conn.commit()
    
    print("Recipe created!")
```

**First Successful Insert:**
```
Enter recipe name: Tea
Enter cooking time: 5
How many ingredients? 3
Enter ingredient 1: Tea Leaves
Enter ingredient 2: Sugar
Enter ingredient 3: Water

✓ Recipe 'Tea' created successfully!
```

**Emotion:** "I just wrote data to a REAL DATABASE!" 🎊

---

### Phase 7: The SQL Injection Scare

**Learning About Security:**

**Mentor's Warning:** "Never concatenate user input directly into SQL queries!"

**Vulnerable Code (What NOT to do):**
```python
name = input("Enter recipe name: ")
query = f"SELECT * FROM Recipes WHERE name = '{name}'"
cursor.execute(query)

# What if user enters: '; DROP TABLE Recipes; --
# Query becomes: SELECT * FROM Recipes WHERE name = ''; DROP TABLE Recipes; --'
# YOUR TABLE GETS DELETED! 💀
```

**Safe Code (Parameterized Queries):**
```python
name = input("Enter recipe name: ")
query = "SELECT * FROM Recipes WHERE name = %s"
cursor.execute(query, (name,))  # MySQL connector escapes the input!
```

**Visualization of Attack:**
```
User Input: "Tea" OR 1=1; --

Without Protection:
SELECT * FROM Recipes WHERE name = 'Tea' OR 1=1; --'
(Returns ALL recipes because 1=1 is always true!)

With Protection:
SELECT * FROM Recipes WHERE name = 'Tea OR 1=1; --'
(Searches for literal string "Tea OR 1=1; --", finds nothing)
```

**Takeaway:** Security isn't optional—it's essential! Always use `%s` placeholders!

---

### Phase 8: The LIKE Operator Discovery

**Challenge:** Search for recipes containing "Sugar"

**First Attempt (Too Specific):**
```python
cursor.execute("SELECT * FROM Recipes WHERE ingredients = 'Sugar'")
# Finds nothing! Because ingredients is "Tea Leaves, Sugar, Water", not "Sugar"
```

**Second Attempt (The Breakthrough):**
```python
search_ingredient = "Sugar"
search_pattern = f"%{search_ingredient}%"
cursor.execute("SELECT * FROM Recipes WHERE ingredients LIKE %s", (search_pattern,))
# LIKE '%Sugar%' finds "Tea Leaves, Sugar, Water"!
```

**Understanding Wildcards:**
```
%Sugar%   → Matches anything with "Sugar" anywhere
Sugar%    → Matches "Sugar" at the start
%Sugar    → Matches "Sugar" at the end
S%r       → Matches "Sugar", "Super", "Stair"
S_gar     → Matches "Sugar" (exactly 5 characters)
```

**Feeling:** Like discovering a search superpower! 🔍

---

### Phase 9: Building the Main Menu

**Challenge:** Create a loop that doesn't exit until user chooses to

**My Evolution:**

**Version 1 (Beginner):**
```python
choice = input("Enter choice: ")
if choice == '1':
    create_recipe()
elif choice == '2':
    search_recipe()
# Only runs once!
```

**Version 2 (Better):**
```python
while True:
    choice = input("Enter choice: ")
    if choice == '1':
        create_recipe()
    elif choice == '2':
        search_recipe()
    elif choice == '5':
        break  # Exit loop
```

**Version 3 (Professional):**
```python
def main_menu(conn, cursor):
    while True:
        print("\n" + "="*60)
        print("RECIPE MANAGEMENT SYSTEM - MAIN MENU")
        print("="*60)
        # ... display options ...
        
        choice = input("Enter choice: ")
        
        if choice == '1':
            create_recipe(conn, cursor)
        # ... other options ...
        elif choice == '5':
            conn.commit()  # Save all changes!
            conn.close()   # Close connection!
            break
```

**Key Insight:** Always commit changes before closing! Otherwise, data is lost!

---

### Phase 10: The Update Challenge

**Complexity:** Update needs to recalculate difficulty

**The Problem:**
```python
# User updates cooking time from 5 to 15 minutes
# But difficulty is still "Easy"!
# Need to recalculate: 15 min + 3 ingredients = "Intermediate"
```

**My Solution:**
```python
def update_recipe(conn, cursor):
    recipe_id = int(input("Enter recipe ID: "))
    choice = int(input("Update (1)Name (2)Time (3)Ingredients: "))
    
    if choice == 2:  # Cooking time
        new_time = int(input("Enter new time: "))
        
        # Fetch current ingredients
        cursor.execute("SELECT ingredients FROM Recipes WHERE id = %s", (recipe_id,))
        ingredients_str = cursor.fetchone()[0]
        ingredients_list = ingredients_str.split(', ')
        
        # Recalculate difficulty
        new_difficulty = calculate_difficulty(new_time, ingredients_list)
        
        # Update BOTH time and difficulty
        cursor.execute("""UPDATE Recipes 
                         SET cooking_time = %s, difficulty = %s 
                         WHERE id = %s""",
                      (new_time, new_difficulty, recipe_id))
        
        conn.commit()
```

**Lesson:** Sometimes one change affects multiple fields. Think about relationships!

---

### Phase 11: The Delete Confirmation

**Initial Implementation (Dangerous):**
```python
recipe_id = int(input("Enter ID to delete: "))
cursor.execute("DELETE FROM Recipes WHERE id = %s", (recipe_id,))
conn.commit()
# IMMEDIATELY DELETED! No take-backs!
```

**Improved Version (Safe):**
```python
recipe_id = int(input("Enter ID to delete: "))

# Show what will be deleted
cursor.execute("SELECT name FROM Recipes WHERE id = %s", (recipe_id,))
recipe = cursor.fetchone()

if recipe:
    confirm = input(f"Delete '{recipe[0]}'? (yes/no): ")
    if confirm.lower() == 'yes':
        cursor.execute("DELETE FROM Recipes WHERE id = %s", (recipe_id,))
        conn.commit()
        print("Deleted!")
    else:
        print("Cancelled.")
else:
    print("Recipe not found!")
```

**Lesson:** Always confirm destructive operations! Users make mistakes!

---

## 🌈 Challenges and Growth

### Challenge 1: Understanding Transactions

**The Mystery:**
```python
cursor.execute("INSERT INTO Recipes ...")
# Data is inserted... but also not inserted?

cursor.execute("SELECT * FROM Recipes")
print(cursor.fetchall())  # I can see it!

# Close program without conn.commit()
# Reopen program

cursor.execute("SELECT * FROM Recipes")
print(cursor.fetchall())  # It's gone! 😱
```

**Realization:** Changes are temporary until `commit()` is called!

**Analogy:** 
- `execute()` = Writing in pencil
- `commit()` = Writing in permanent ink
- `rollback()` = Erasing pencil marks

---

### Challenge 2: Fetching Results

**Confusion:**
```python
cursor.execute("SELECT * FROM Recipes")
# Where are the results?

results = cursor.fetchall()  # Ah, here they are!
```

**Understanding:**
- `execute()` runs the query on the database
- Results wait in the cursor
- `fetchall()` or `fetchone()` retrieves them

**Analogy:** Like ordering food—execute() places the order, fetchall() picks it up!

---

### Challenge 3: Multiple Result Sets

**The Problem:**
```python
cursor.execute("SELECT ingredients FROM Recipes")
for row in cursor:
    print(row[0])  # Works!

# Later...
cursor.execute("SELECT name FROM Recipes")
for row in cursor:
    print(row[0])  # Still prints ingredients! Why?
```

**Solution:** Need to fetch all results before next query:
```python
cursor.execute("SELECT ingredients FROM Recipes")
results = cursor.fetchall()  # Consume all results
for row in results:
    print(row[0])

cursor.execute("SELECT name FROM Recipes")  # Now this works!
```

---

### Challenge 4: Memory with Large Datasets

**Imagined Scenario:**
```python
# What if I had 1 million recipes?
cursor.execute("SELECT * FROM Recipes")
results = cursor.fetchall()  # Loads ALL 1 million into RAM!
# Computer freezes! 💻🔥
```

**Solution (For Future):**
```python
# Fetch in batches
cursor.execute("SELECT * FROM Recipes LIMIT 1000 OFFSET 0")  # First 1000
cursor.execute("SELECT * FROM Recipes LIMIT 1000 OFFSET 1000")  # Next 1000
```

**Lesson:** Databases can handle big data, but Python's memory can't!

---

## 💎 Key Insights and Revelations

### 1. Databases Are Not Just Storage

**Before:** "Databases store data."

**After:** "Databases store, organize, validate, search, protect, and manage concurrent access to data."

They're intelligent systems, not dumb storage!

---

### 2. SQL Is a Language, Not a Library

**Realization:** SQL is its own language!

Just like I learned Python syntax:
```python
if condition:
    do_something()
```

I'm learning SQL syntax:
```sql
SELECT column
FROM table
WHERE condition;
```

**Insight:** Becoming a full-stack developer means being multilingual (Python + SQL + HTML + JavaScript + ...)

---

### 3. The Power of Relationships

**Example I Haven't Implemented Yet:**
```sql
-- Users table
CREATE TABLE Users (
    user_id INT PRIMARY KEY,
    username VARCHAR(50)
);

-- Recipes table
CREATE TABLE Recipes (
    id INT PRIMARY KEY,
    name VARCHAR(50),
    created_by INT,
    FOREIGN KEY (created_by) REFERENCES Users(user_id)
);

-- Now I can find all recipes by a specific user!
SELECT Recipes.name 
FROM Recipes 
JOIN Users ON Recipes.created_by = Users.user_id 
WHERE Users.username = 'sourav';
```

**Future Understanding:** Tables can connect! This is what "relational" means!

---

### 4. Every Developer Needs Databases

**Fields Using Databases:**
- Web development (every website!)
- Mobile apps (local and cloud)
- Data science (analyzing stored data)
- Machine learning (training data)
- Game development (player data, leaderboards)
- Desktop applications (settings, documents)

**Realization:** This isn't optional—it's fundamental!

---

## 📈 Skills Progression

### Before Exercise 1.6:
- ✅ Python fundamentals
- ✅ OOP concepts
- ✅ File handling with pickle
- ❌ Database concepts
- ❌ SQL syntax
- ❌ Client-server architecture
- ❌ Data modeling
- ❌ Transaction management

### After Exercise 1.6:
- ✅ Database fundamentals (CRUD)
- ✅ MySQL server setup
- ✅ SQL query writing
- ✅ Python-database integration
- ✅ Parameterized queries
- ✅ Transaction management
- ✅ Data type conversions
- ✅ Security awareness (SQL injection)
- ✅ Professional application structure

---

## 🎯 Proud Moments

### 1. First Successful Database Creation
**Moment:** Seeing `task_database` appear in the database list

**Command:**
```python
cursor.execute("CREATE DATABASE IF NOT EXISTS task_database")
cursor.execute("SHOW DATABASES")
for db in cursor:
    print(db)
```

**Feeling:** "I created a database! A real, professional database!" 🗄️

---

### 2. First Recipe Inserted
**Moment:** Adding Tea recipe and seeing it saved permanently

**Result:**
```
✓ Recipe 'Tea' created successfully!
  Difficulty: Easy
  Cooking Time: 5 minutes
  Ingredients: Tea Leaves, Sugar, Water
```

**Feeling:** "My code just wrote to a database. This is real software development!" 💾

---

### 3. Search Functionality Working
**Moment:** Typing "Sugar" and instantly finding all matching recipes

**Output:**
```
Recipes containing 'Sugar':
============================================================
ID: 1 | Name: Tea | Difficulty: Easy
ID: 3 | Name: Pancakes | Difficulty: Hard
ID: 4 | Name: Smoothie | Difficulty: Medium
```

**Feeling:** "This is like Google, but for my recipes!" 🔍

---

### 4. Complete Application Running
**Moment:** Main menu loop working perfectly, all CRUD operations functional

**Realization:** "I built a complete database application from scratch!"

---

## 🔮 Future Applications

### What I Can Build Now:

**1. Todo List Application**
```python
# Database: todo_database
# Table: tasks (id, title, description, due_date, completed)
# Features: Add, view, update status, delete tasks
```

**2. Contact Manager**
```python
# Database: contacts_database
# Table: contacts (id, name, phone, email, address)
# Features: Add, search, update, delete contacts
```

**3. Expense Tracker**
```python
# Database: finance_database
# Table: expenses (id, date, category, amount, description)
# Features: Add expenses, view by category, monthly reports
```

**4. Library Management System**
```python
# Database: library_database
# Tables: books (id, title, author, isbn)
#         members (id, name, email)
#         loans (id, book_id, member_id, due_date)
# Features: Check out, return, search books, track overdue
```

---

## 🌟 Personal Growth

### Technical Growth:
- **From:** File-based storage with manual searching
- **To:** Database-driven applications with instant queries

### Problem-Solving Growth:
- **From:** "How do I store this data?"
- **To:** "What's the optimal schema? How do I normalize this? What indexes do I need?"

### Professional Growth:
- **From:** Writing scripts that work
- **To:** Building applications that scale

### Confidence Growth:
- **From:** Intimidated by "database" terminology
- **To:** Excited to explore advanced features (joins, indexes, triggers)

---

## 📚 Most Valuable Lessons

### 1. Commit Your Changes!
**Lesson:** Data isn't saved until `conn.commit()` is called.

**Painful Experience:** Lost test data by closing script without committing.

**Now I:** Always commit after important operations!

---

### 2. Close Your Connections
**Lesson:** Database connections are resources—clean up after yourself.

**Best Practice:**
```python
try:
    conn = mysql.connector.connect(...)
    # ... operations ...
finally:
    conn.close()  # Always close!
```

---

### 3. Security First
**Lesson:** SQL injection is real and dangerous.

**Rule:** NEVER concatenate user input. ALWAYS use parameterized queries.

**Reminder:**
```python
# ❌ query = f"SELECT * FROM Recipes WHERE name = '{user_input}'"
# ✓ cursor.execute("SELECT * FROM Recipes WHERE name = %s", (user_input,))
```

---

### 4. Validate User Input
**Lesson:** Users will enter unexpected data.

**Example:**
```python
try:
    cooking_time = int(input("Enter cooking time: "))
except ValueError:
    print("Please enter a number!")
    return
```

---

### 5. Test Before Production
**Lesson:** Test all operations with sample data before showing to users.

**My Approach:** Created, searched, updated, and deleted test recipes multiple times before considering the app "done."

---

## 🎓 Connection to Future Learning

### Django ORM (Coming Soon):
Django abstracts database operations:

```python
# What I'm doing now (Raw SQL):
cursor.execute("INSERT INTO Recipes (name, cooking_time) VALUES (%s, %s)", 
               ("Tea", 5))

# What Django does (ORM):
Recipe.objects.create(name="Tea", cooking_time=5)

# Both do the same thing, but Django is easier!
```

**Benefit:** Understanding raw SQL now will make Django's ORM magical!

---

## 💭 Reflective Questions for Myself

**Q: What was the hardest concept?**  
A: Understanding transactions and when data is actually saved. The gap between `execute()` and `commit()` was confusing.

**Q: What was the most rewarding?**  
A: Seeing the search functionality work instantly. The LIKE operator finding recipes felt like real software!

**Q: What surprised me?**  
A: How much security matters. SQL injection is genuinely scary!

**Q: What would I do differently?**  
A: Learn about database normalization and multiple tables earlier. My single-table design works, but isn't scalable.

**Q: How confident am I with databases now?**  
A: Very confident with basics! Excited to learn joins, indexes, and optimization!

---

## 🎯 Next Steps

### Immediate:
1. ✅ Complete all documentation
2. ✅ Upload to GitHub with screenshots
3. ✅ Celebrate completing Exercise 1.6!

### Short-term:
1. Experiment with JOIN operations (multiple tables)
2. Learn about indexes for faster searching
3. Try SQLite for simpler projects
4. Explore MySQL Workbench GUI

### Long-term:
1. Master advanced SQL (subqueries, aggregations, window functions)
2. Learn database optimization techniques
3. Study Django ORM
4. Build full-stack web applications with database backends

---

## 🌈 Conclusion

Exercise 1.6 was a revelation. Databases aren't just storage—they're the foundation of almost every application I'll ever build. From simple command-line tools to massive web platforms, they all rely on databases.

**Transformation:**
- **From:** "I can save data in files"
- **To:** "I can design, create, and manage professional database systems"

**Confidence:**
- **Before:** Databases seemed mysterious and complex
- **After:** Databases are logical, powerful, and essential

**Excitement:**
- **Before:** "Do I really need to learn databases?"
- **After:** "I can't wait to build real applications with databases!"

This exercise didn't just teach me SQL and MySQL—it opened the door to professional software development. Every app I admire (Instagram, Twitter, Netflix, Gmail) runs on databases. Now I understand how!

**Final Thought:** The journey from files to databases mirrors the journey from amateur to professional. I'm no longer just writing scripts—I'm building systems!

---

**Date:** October 19, 2025  
**Status:** Exercise 1.6 Completed  
**Confidence Level:** 🌟🌟🌟🌟🌟  
**Database Tables Created:** 1  
**Recipes Stored:** 4  
**SQL Queries Written:** 25+  
**Hours Invested:** 6  
**Feeling:** Accomplished and Ready for More! 🚀

---

*"From files to databases, from scripts to systems, from learning to building. This is the path of a developer."* 💻
